// Vitest Snapshot v1, https://vitest.dev/guide/snapshot.html

exports[`renders then overwites the root 1`] = `
<div>
  <div>
    Hello 
    World
  </div>
</div>
`;
